// Jest Snapshot v1, https://goo.gl/fbAQLP

exports[`Modal Component should render modal with data 1`] = `ShallowWrapper {}`;
